Microsoft Windows [Version 10.0.14393]
(c) 2016 Microsoft Corporation. All rights reserved.

C:\Users\Nizam R.H Aljawabreh>node -v
v10.13.0

C:\Users\Nizam R.H Aljawabreh>cd Desktop

C:\Users\Nizam R.H Aljawabreh\Desktop>mkdir node-sample

C:\Users\Nizam R.H Aljawabreh\Desktop>cd node-sample

C:\Users\Nizam R.H Aljawabreh\Desktop\node-sample>npm init
This utility will walk you through creating a package.json file.
It only covers the most common items, and tries to guess sensible defaults.

See `npm help json` for definitive documentation on these fields
and exactly what they do.

Use `npm install <pkg>` afterwards to install a package and
save it as a dependency in the package.json file.

Press ^C at any time to quit.
package name: (sample)
version: (1.0.0)
description:
entry point: (index.js) server.js
test command:
git repository:
keywords:
author:
license: (ISC)
About to write to C:\Users\Nizam R.H Aljawabreh\Desktop\node-sample\package.json:

{
  "name": "sample",
  "version": "1.0.0",
  "description": "",
  "main": "server.js",
  "scripts": {
    "test": "echo \"Error: no test specified\" && exit 1"
  },
  "author": "",
  "license": "ISC"
}


Is this OK? (yes)

C:\Users\Nizam R.H Aljawabreh\Desktop\node-sample>node server.js
Hello from Node.js


C:\Users\Nizam R.H Aljawabreh\Desktop\node-sample>npm install -g nodemon
C:\Users\Nizam R.H Aljawabreh\AppData\Roaming\npm\nodemon -> C:\Users\Nizam R.H Aljawabreh\AppData\Roaming\npm\node_modules\nodemon\bin\nodemon.js

> nodemon@1.18.6 postinstall C:\Users\Nizam R.H Aljawabreh\AppData\Roaming\npm\node_modules\nodemon
> node bin/postinstall || exit 0

Love nodemon? You can now support the project via the open collective:
 > https://opencollective.com/nodemon/donate

npm WARN optional SKIPPING OPTIONAL DEPENDENCY: fsevents@1.2.4 (node_modules\nodemon\node_modules\fsevents):
npm WARN notsup SKIPPING OPTIONAL DEPENDENCY: Unsupported platform for fsevents@1.2.4: wanted {"os":"darwin","arch":"any"} (current: {"os":"win32","arch":"x64"})

+ nodemon@1.18.6
added 223 packages from 130 contributors in 46.66s
